Archive member included to satisfy reference by file (symbol)

C:/devkitPro/libtonc/lib\libtonc.a(tonc_input.o)
                              main.o (key_poll)
C:/devkitPro/libtonc/lib\libtonc.a(tonc_irq.o)
                              main.o (irq_init)
C:/devkitPro/libtonc/lib\libtonc.a(tonc_oam.o)
                              main.o (oam_init)
C:/devkitPro/libtonc/lib\libtonc.a(tonc_bios.o)
                              main.o (VBlankIntrWait)
C:/devkitPro/libtonc/lib\libtonc.a(tonc_isr_master.o)
                              C:/devkitPro/libtonc/lib\libtonc.a(tonc_irq.o) (isr_master)
C:/devkitPro/libtonc/lib\libtonc.a(tonc_memcpy.o)
                              main.o (memcpy32)
C:/devkitPro/libtonc/lib\libtonc.a(tonc_memset.o)
                              C:/devkitPro/libtonc/lib\libtonc.a(tonc_irq.o) (memset32)
c:/devkitpro/devkitarm/bin/../lib/gcc/arm-none-eabi/11.1.0/../../../../arm-none-eabi/lib/thumb\libg.a(lib_a-init.o)
                              c:/devkitpro/devkitarm/bin/../lib/gcc/arm-none-eabi/11.1.0/../../../../arm-none-eabi/lib/thumb/gba_crt0.o (__libc_init_array)
c:/devkitpro/devkitarm/bin/../lib/gcc/arm-none-eabi/11.1.0/../../../../arm-none-eabi/lib/thumb\libg.a(lib_a-memmove.o)
                              C:/devkitPro/libtonc/lib\libtonc.a(tonc_irq.o) (memmove)
c:/devkitpro/devkitarm/bin/../lib/gcc/arm-none-eabi/11.1.0/../../../../arm-none-eabi/lib/thumb\libsysbase.a(malloc_vars.o)
                              c:/devkitpro/devkitarm/bin/../lib/gcc/arm-none-eabi/11.1.0/../../../../arm-none-eabi/lib/thumb/gba_crt0.o (fake_heap_end)

Discarded input sections

 .text          0x0000000000000000        0x0 c:/devkitpro/devkitarm/bin/../lib/gcc/arm-none-eabi/11.1.0/../../../../arm-none-eabi/lib/thumb/gba_crt0.o
 .data          0x0000000000000000        0x0 c:/devkitpro/devkitarm/bin/../lib/gcc/arm-none-eabi/11.1.0/../../../../arm-none-eabi/lib/thumb/gba_crt0.o
 .bss           0x0000000000000000        0x0 c:/devkitpro/devkitarm/bin/../lib/gcc/arm-none-eabi/11.1.0/../../../../arm-none-eabi/lib/thumb/gba_crt0.o
 .text          0x0000000000000000        0x0 c:/devkitpro/devkitarm/bin/../lib/gcc/arm-none-eabi/11.1.0/thumb/crti.o
 .data          0x0000000000000000        0x0 c:/devkitpro/devkitarm/bin/../lib/gcc/arm-none-eabi/11.1.0/thumb/crti.o
 .bss           0x0000000000000000        0x0 c:/devkitpro/devkitarm/bin/../lib/gcc/arm-none-eabi/11.1.0/thumb/crti.o
 .text          0x0000000000000000        0x0 c:/devkitpro/devkitarm/bin/../lib/gcc/arm-none-eabi/11.1.0/thumb/crtbegin.o
 .data          0x0000000000000000        0x0 c:/devkitpro/devkitarm/bin/../lib/gcc/arm-none-eabi/11.1.0/thumb/crtbegin.o
 .bss           0x0000000000000000        0x0 c:/devkitpro/devkitarm/bin/../lib/gcc/arm-none-eabi/11.1.0/thumb/crtbegin.o
 .rodata.all_implied_fbits
                0x0000000000000000       0x24 c:/devkitpro/devkitarm/bin/../lib/gcc/arm-none-eabi/11.1.0/thumb/crtbegin.o
 .data.__dso_handle
                0x0000000000000000        0x4 c:/devkitpro/devkitarm/bin/../lib/gcc/arm-none-eabi/11.1.0/thumb/crtbegin.o
 .text          0x0000000000000000        0x0 badEndCard.o
 .data          0x0000000000000000        0x0 badEndCard.o
 .bss           0x0000000000000000        0x0 badEndCard.o
 .text          0x0000000000000000        0x0 endCard.o
 .data          0x0000000000000000        0x0 endCard.o
 .bss           0x0000000000000000        0x0 endCard.o
 .text          0x0000000000000000        0x0 energyBall.o
 .data          0x0000000000000000        0x0 energyBall.o
 .bss           0x0000000000000000        0x0 energyBall.o
 .text          0x0000000000000000        0x0 foe_ship.o
 .data          0x0000000000000000        0x0 foe_ship.o
 .bss           0x0000000000000000        0x0 foe_ship.o
 .text          0x0000000000000000        0x0 hero_ship.o
 .data          0x0000000000000000        0x0 hero_ship.o
 .bss           0x0000000000000000        0x0 hero_ship.o
 .text          0x0000000000000000        0x0 numbers.o
 .data          0x0000000000000000        0x0 numbers.o
 .bss           0x0000000000000000        0x0 numbers.o
 .text          0x0000000000000000        0x0 scoreLabel.o
 .data          0x0000000000000000        0x0 scoreLabel.o
 .bss           0x0000000000000000        0x0 scoreLabel.o
 .text          0x0000000000000000        0x0 simpleBackground.o
 .data          0x0000000000000000        0x0 simpleBackground.o
 .bss           0x0000000000000000        0x0 simpleBackground.o
 .text          0x0000000000000000        0x0 timerLabel.o
 .data          0x0000000000000000        0x0 timerLabel.o
 .bss           0x0000000000000000        0x0 timerLabel.o
 .text          0x0000000000000000        0x0 titleCard.o
 .data          0x0000000000000000        0x0 titleCard.o
 .bss           0x0000000000000000        0x0 titleCard.o
 .data          0x0000000000000000        0x0 C:/devkitPro/libtonc/lib\libtonc.a(tonc_irq.o)
 .data          0x0000000000000000        0x0 C:/devkitPro/libtonc/lib\libtonc.a(tonc_oam.o)
 .bss           0x0000000000000000        0x0 C:/devkitPro/libtonc/lib\libtonc.a(tonc_oam.o)
 .data          0x0000000000000000        0x0 C:/devkitPro/libtonc/lib\libtonc.a(tonc_bios.o)
 .bss           0x0000000000000000        0x0 C:/devkitPro/libtonc/lib\libtonc.a(tonc_bios.o)
 .text          0x0000000000000000        0x0 C:/devkitPro/libtonc/lib\libtonc.a(tonc_isr_master.o)
 .data          0x0000000000000000        0x0 C:/devkitPro/libtonc/lib\libtonc.a(tonc_isr_master.o)
 .bss           0x0000000000000000        0x0 C:/devkitPro/libtonc/lib\libtonc.a(tonc_isr_master.o)
 .data          0x0000000000000000        0x0 C:/devkitPro/libtonc/lib\libtonc.a(tonc_memcpy.o)
 .bss           0x0000000000000000        0x0 C:/devkitPro/libtonc/lib\libtonc.a(tonc_memcpy.o)
 .text          0x0000000000000000       0x3c C:/devkitPro/libtonc/lib\libtonc.a(tonc_memset.o)
 .data          0x0000000000000000        0x0 C:/devkitPro/libtonc/lib\libtonc.a(tonc_memset.o)
 .bss           0x0000000000000000        0x0 C:/devkitPro/libtonc/lib\libtonc.a(tonc_memset.o)
 .text          0x0000000000000000        0x0 c:/devkitpro/devkitarm/bin/../lib/gcc/arm-none-eabi/11.1.0/../../../../arm-none-eabi/lib/thumb\libg.a(lib_a-init.o)
 .data          0x0000000000000000        0x0 c:/devkitpro/devkitarm/bin/../lib/gcc/arm-none-eabi/11.1.0/../../../../arm-none-eabi/lib/thumb\libg.a(lib_a-init.o)
 .bss           0x0000000000000000        0x0 c:/devkitpro/devkitarm/bin/../lib/gcc/arm-none-eabi/11.1.0/../../../../arm-none-eabi/lib/thumb\libg.a(lib_a-init.o)
 .text          0x0000000000000000        0x0 c:/devkitpro/devkitarm/bin/../lib/gcc/arm-none-eabi/11.1.0/../../../../arm-none-eabi/lib/thumb\libg.a(lib_a-memmove.o)
 .data          0x0000000000000000        0x0 c:/devkitpro/devkitarm/bin/../lib/gcc/arm-none-eabi/11.1.0/../../../../arm-none-eabi/lib/thumb\libg.a(lib_a-memmove.o)
 .bss           0x0000000000000000        0x0 c:/devkitpro/devkitarm/bin/../lib/gcc/arm-none-eabi/11.1.0/../../../../arm-none-eabi/lib/thumb\libg.a(lib_a-memmove.o)
 .text          0x0000000000000000        0x0 c:/devkitpro/devkitarm/bin/../lib/gcc/arm-none-eabi/11.1.0/../../../../arm-none-eabi/lib/thumb\libsysbase.a(malloc_vars.o)
 .data          0x0000000000000000        0x0 c:/devkitpro/devkitarm/bin/../lib/gcc/arm-none-eabi/11.1.0/../../../../arm-none-eabi/lib/thumb\libsysbase.a(malloc_vars.o)
 .bss           0x0000000000000000        0x0 c:/devkitpro/devkitarm/bin/../lib/gcc/arm-none-eabi/11.1.0/../../../../arm-none-eabi/lib/thumb\libsysbase.a(malloc_vars.o)
 .bss.fake_heap_start
                0x0000000000000000        0x4 c:/devkitpro/devkitarm/bin/../lib/gcc/arm-none-eabi/11.1.0/../../../../arm-none-eabi/lib/thumb\libsysbase.a(malloc_vars.o)
 .text          0x0000000000000000        0x0 c:/devkitpro/devkitarm/bin/../lib/gcc/arm-none-eabi/11.1.0/thumb/crtend.o
 .data          0x0000000000000000        0x0 c:/devkitpro/devkitarm/bin/../lib/gcc/arm-none-eabi/11.1.0/thumb/crtend.o
 .bss           0x0000000000000000        0x0 c:/devkitpro/devkitarm/bin/../lib/gcc/arm-none-eabi/11.1.0/thumb/crtend.o
 .rodata.all_implied_fbits
                0x0000000000000000       0x24 c:/devkitpro/devkitarm/bin/../lib/gcc/arm-none-eabi/11.1.0/thumb/crtend.o
 .text          0x0000000000000000        0x0 c:/devkitpro/devkitarm/bin/../lib/gcc/arm-none-eabi/11.1.0/thumb/crtn.o
 .data          0x0000000000000000        0x0 c:/devkitpro/devkitarm/bin/../lib/gcc/arm-none-eabi/11.1.0/thumb/crtn.o
 .bss           0x0000000000000000        0x0 c:/devkitpro/devkitarm/bin/../lib/gcc/arm-none-eabi/11.1.0/thumb/crtn.o

Memory Configuration

Name             Origin             Length             Attributes
rom              0x0000000008000000 0x0000000002000000
iwram            0x0000000003000000 0x0000000000008000
ewram            0x0000000002000000 0x0000000000040000
*default*        0x0000000000000000 0xffffffffffffffff

Linker script and memory map

                0x0000000008000000                __text_start = ORIGIN (rom)
                0x0000000002040000                __eheap_end = (ORIGIN (ewram) + LENGTH (ewram))
                0x0000000003000000                __iwram_start = ORIGIN (iwram)
                0x0000000003008000                __iwram_top = (ORIGIN (iwram) + LENGTH (iwram))
                0x0000000003007fa0                __sp_irq = (__iwram_top - 0x60)
                0x0000000003007f00                __sp_usr = (__sp_irq - 0xa0)
                0x0000000003007ff8                __irq_flags = 0x3007ff8
                0x0000000008000000                . = __text_start

.crt0           0x0000000008000000      0x210
 *(.crt0)
 .crt0          0x0000000008000000      0x210 c:/devkitpro/devkitarm/bin/../lib/gcc/arm-none-eabi/11.1.0/../../../../arm-none-eabi/lib/thumb/gba_crt0.o
                0x0000000008000000                _start
                0x00000000080000c4                __boot_method
                0x00000000080000c5                __slave_number
                0x00000000080000e0                start_vector
                0x0000000008000210                . = ALIGN (0x4)

.init           0x0000000008000210        0xc
 *(SORT_NONE(.init))
 .init          0x0000000008000210        0x4 c:/devkitpro/devkitarm/bin/../lib/gcc/arm-none-eabi/11.1.0/thumb/crti.o
                0x0000000008000210                _init
 .init          0x0000000008000214        0x8 c:/devkitpro/devkitarm/bin/../lib/gcc/arm-none-eabi/11.1.0/thumb/crtn.o

.plt            0x000000000800021c        0x0
 *(.plt)
                0x000000000800021c                . = ALIGN (0x4)

.text           0x000000000800021c     0x1698
 *(EXCLUDE_FILE(*.iwram*) .text*)
 .text.__do_global_dtors_aux
                0x000000000800021c       0x2c c:/devkitpro/devkitarm/bin/../lib/gcc/arm-none-eabi/11.1.0/thumb/crtbegin.o
 .text.frame_dummy
                0x0000000008000248       0x24 c:/devkitpro/devkitarm/bin/../lib/gcc/arm-none-eabi/11.1.0/thumb/crtbegin.o
 .text          0x000000000800026c      0xe8c main.o
                0x000000000800026c                load_titleCardData
                0x00000000080002ac                load_endCardData
                0x00000000080002ec                load_badEndCardData
                0x000000000800032c                load_backgroundData
                0x000000000800036c                load_spriteData
                0x0000000008000458                init_n_show_sprites
                0x000000000800055c                updateUfo
                0x000000000800062c                updateNumbers
                0x00000000080006d0                updateTimerNumbers
                0x0000000008000758                updateEnergyBall
                0x00000000080007a8                fireEnergyBall
                0x00000000080007ec                updatePlayer
                0x000000000800084c                update
                0x00000000080008cc                destroyEnergyBall
                0x00000000080008e0                draw
                0x0000000008000a2c                runGameState
                0x0000000008000a3c                game
                0x0000000008000a4c                drawPlayer
                0x0000000008000a78                drawUfo
                0x0000000008000ab0                drawLabel
                0x0000000008000ae0                drawNumbers
                0x0000000008000b0c                drawTimerLabel
                0x0000000008000b38                drawTimerNumbers
                0x0000000008000b60                drawEnergyBall
                0x0000000008000b98                detectCollision
                0x0000000008000bd0                performtitleCardAnimation
                0x0000000008000c5c                runInitialState
                0x0000000008000ccc                performEnergyBallAnimation
                0x0000000008000cf8                performBackgroundAnimation
                0x0000000008000d8c                performBadBackgroundAnimation
                0x0000000008000dcc                performBlinkingAnimation
                0x0000000008000e04                hideAllSprites
                0x0000000008000e90                firstSetUp
                0x0000000008000ee0                runBadFinalState
                0x0000000008000f80                showFinalPositions
                0x0000000008001034                runFinalState
 .text.startup  0x00000000080010f8      0x170 main.o
                0x00000000080010f8                main
 .text          0x0000000008001268       0xa8 C:/devkitPro/libtonc/lib\libtonc.a(tonc_input.o)
                0x0000000008001268                key_poll
                0x00000000080012bc                key_wait_till_hit
                0x00000000080012e0                key_repeat
                0x00000000080012ec                key_repeat_mask
                0x00000000080012fc                key_repeat_limits
 .text          0x0000000008001310      0x30c C:/devkitPro/libtonc/lib\libtonc.a(tonc_irq.o)
                0x0000000008001310                irq_init
                0x0000000008001354                irq_set_master
                0x0000000008001380                irq_set
                0x0000000008001494                irq_add
                0x0000000008001500                irq_delete
                0x000000000800158c                irq_enable
                0x00000000080015d4                irq_disable
 .text          0x000000000800161c       0xbc C:/devkitPro/libtonc/lib\libtonc.a(tonc_oam.o)
                0x000000000800161c                oam_init
                0x0000000008001664                obj_copy
                0x0000000008001684                obj_hide_multi
                0x00000000080016ac                obj_unhide_multi
 .text          0x00000000080016d8       0x8c C:/devkitPro/libtonc/lib\libtonc.a(tonc_bios.o)
                0x00000000080016d8                SoftReset
                0x00000000080016dc                RegisterRamReset
                0x00000000080016e0                Halt
                0x00000000080016e4                Stop
                0x00000000080016e8                IntrWait
                0x00000000080016ec                VBlankIntrWait
                0x00000000080016f0                Div
                0x00000000080016f4                DivArm
                0x00000000080016f8                Sqrt
                0x00000000080016fc                ArcTan
                0x0000000008001700                ArcTan2
                0x0000000008001704                CpuSet
                0x0000000008001708                CpuFastSet
                0x000000000800170c                BiosCheckSum
                0x0000000008001710                BgAffineSet
                0x0000000008001714                ObjAffineSet
                0x0000000008001718                BitUnPack
                0x000000000800171c                LZ77UnCompWram
                0x0000000008001720                LZ77UnCompVram
                0x0000000008001724                HuffUnComp
                0x0000000008001728                RLUnCompWram
                0x000000000800172c                RLUnCompVram
                0x0000000008001730                Diff8bitUnFilterWram
                0x0000000008001734                Diff8bitUnFilterVram
                0x0000000008001738                Diff16bitUnFilter
                0x000000000800173c                SoundBias
                0x0000000008001740                SoundDriverInit
                0x0000000008001744                SoundDriverMode
                0x0000000008001748                SoundDriverMain
                0x000000000800174c                SoundDriverVSync
                0x0000000008001750                SoundChannelClear
                0x0000000008001754                MidiKey2Freq
                0x0000000008001758                MultiBoot
                0x000000000800175c                SoundDriverVSyncOff
                0x0000000008001760                SoundDriverVSyncOn
 .text          0x0000000008001764       0x44 C:/devkitPro/libtonc/lib\libtonc.a(tonc_memcpy.o)
                0x0000000008001764                memcpy16
 .text.__libc_init_array
                0x00000000080017a8       0x50 c:/devkitpro/devkitarm/bin/../lib/gcc/arm-none-eabi/11.1.0/../../../../arm-none-eabi/lib/thumb\libg.a(lib_a-init.o)
                0x00000000080017a8                __libc_init_array
 .text.memmove  0x00000000080017f8       0xbc c:/devkitpro/devkitarm/bin/../lib/gcc/arm-none-eabi/11.1.0/../../../../arm-none-eabi/lib/thumb\libg.a(lib_a-memmove.o)
                0x00000000080017f8                memmove
 *(.gnu.linkonce.t.*)
 *(.text.*personality*)
 *(.gnu.warning)
 *(.glue_7t)
 .glue_7t       0x00000000080018b4        0x0 linker stubs
 *(.glue_7)
 .glue_7        0x00000000080018b4        0x0 linker stubs
 *(.vfp11_veneer)
 .vfp11_veneer  0x00000000080018b4        0x0 linker stubs
                0x00000000080018b4                . = ALIGN (0x4)
                0x00000000080018b4                __text_end = .

.v4_bx          0x00000000080018b4        0x0
 .v4_bx         0x00000000080018b4        0x0 linker stubs

.iplt           0x00000000080018b4        0x0
 .iplt          0x00000000080018b4        0x0 c:/devkitpro/devkitarm/bin/../lib/gcc/arm-none-eabi/11.1.0/../../../../arm-none-eabi/lib/thumb/gba_crt0.o

.fini           0x00000000080018b4        0xc
 *(.fini)
 .fini          0x00000000080018b4        0x4 c:/devkitpro/devkitarm/bin/../lib/gcc/arm-none-eabi/11.1.0/thumb/crti.o
                0x00000000080018b4                _fini
 .fini          0x00000000080018b8        0x8 c:/devkitpro/devkitarm/bin/../lib/gcc/arm-none-eabi/11.1.0/thumb/crtn.o
                0x00000000080018c0                . = ALIGN (0x4)

.rodata         0x00000000080018c0     0x41f0
 *(.rodata)
 .rodata        0x00000000080018c0      0xd68 badEndCard.o
                0x00000000080018c0                badEndCardPal
                0x00000000080018c8                badEndCardMap
                0x00000000080020c8                badEndCardTiles
 .rodata        0x0000000008002628      0xd08 endCard.o
                0x0000000008002628                endCardPal
                0x0000000008002630                endCardMap
                0x0000000008002e30                endCardTiles
 .rodata        0x0000000008003330       0x48 energyBall.o
                0x0000000008003330                energyBallPal
                0x0000000008003358                energyBallTiles
 .rodata        0x0000000008003378      0x12c foe_ship.o
                0x0000000008003378                foe_shipPal
                0x00000000080033a4                foe_shipTiles
 .rodata        0x00000000080034a4       0xac hero_ship.o
                0x00000000080034a4                hero_shipPal
                0x00000000080034d0                hero_shipTiles
 .rodata        0x0000000008003550       0x58 main.o
 .rodata        0x00000000080035a8      0x164 numbers.o
                0x00000000080035a8                numbersPal
                0x00000000080035ac                numbersTiles
 .rodata        0x000000000800370c       0x84 scoreLabel.o
                0x000000000800370c                scoreLabelPal
                0x0000000008003710                scoreLabelTiles
 .rodata        0x0000000008003790     0x1190 simpleBackground.o
                0x0000000008003790                simpleBackgroundPal
                0x00000000080037a0                simpleBackgroundMap
                0x0000000008003fa0                simpleBackgroundTiles
 .rodata        0x0000000008004920       0x88 timerLabel.o
                0x0000000008004920                timerLabelPal
                0x0000000008004928                timerLabelTiles
 .rodata        0x00000000080049a8     0x10d0 titleCard.o
                0x00000000080049a8                titleCardPal
                0x00000000080049b8                titleCardMap
                0x00000000080051b8                titleCardTiles
 .rodata        0x0000000008005a78       0x38 C:/devkitPro/libtonc/lib\libtonc.a(tonc_irq.o)
 *all.rodata*(*)
 *(.roda)
 *(.rodata.*)
 *(.gnu.linkonce.r*)
                0x0000000008005ab0                . = ALIGN (0x4)

.ARM.extab
 *(.ARM.extab* .gnu.linkonce.armextab.*)
                0x0000000008005ab0                __exidx_start = .

.ARM.exidx
 *(.ARM.exidx* .gnu.linkonce.armexidx.*)
                0x0000000008005ab0                __exidx_end = .

.ctors          0x0000000008005ab0        0x0
 *crtbegin.o(.ctors)
 *(EXCLUDE_FILE(*crtend.o) .ctors)
 *(SORT_BY_NAME(.ctors.*))
 *(.ctors)
                0x0000000008005ab0                . = ALIGN (0x4)

.dtors          0x0000000008005ab0        0x0
 *crtbegin.o(.dtors)
 *(EXCLUDE_FILE(*crtend.o) .dtors)
 *(SORT_BY_NAME(.dtors.*))
 *(.dtors)
                0x0000000008005ab0                . = ALIGN (0x4)

.eh_frame       0x0000000008005ab0        0x4
 *(.eh_frame)
 .eh_frame      0x0000000008005ab0        0x0 c:/devkitpro/devkitarm/bin/../lib/gcc/arm-none-eabi/11.1.0/thumb/crtbegin.o
 .eh_frame      0x0000000008005ab0        0x4 c:/devkitpro/devkitarm/bin/../lib/gcc/arm-none-eabi/11.1.0/thumb/crtend.o
                0x0000000008005ab4                . = ALIGN (0x4)

.gcc_except_table
                0x0000000008005ab4        0x0
 *(.gcc_except_table)
                0x0000000008005ab4                . = ALIGN (0x4)
                0x0000000008005ab4                __iwram_lma = .

.iwram          0x0000000003000000      0x128 load address 0x0000000008005ab4
                0x0000000003000000                __iwram_start__ = ABSOLUTE (.)
 *(.iwram .iwram*)
 .iwram         0x0000000003000000       0xa4 C:/devkitPro/libtonc/lib\libtonc.a(tonc_isr_master.o)
                0x0000000003000000                isr_master
 .iwram         0x00000000030000a4       0x38 C:/devkitPro/libtonc/lib\libtonc.a(tonc_memcpy.o)
                0x00000000030000a4                memcpy32
 .iwram         0x00000000030000dc       0x4c C:/devkitPro/libtonc/lib\libtonc.a(tonc_memset.o)
                0x00000000030000dc                memset32
 *iwram.*(.text* .data*)
                0x0000000003000128                . = ALIGN (0x4)
                0x0000000003000128                __iwram_end__ = ABSOLUTE (.)
                0x0000000008005bdc                __data_lma = (__iwram_lma + SIZEOF (.iwram))

.rel.dyn        0x0000000003000128        0x0 load address 0x0000000008005bdc
 .rel.iplt      0x0000000003000128        0x0 c:/devkitpro/devkitarm/bin/../lib/gcc/arm-none-eabi/11.1.0/../../../../arm-none-eabi/lib/thumb/gba_crt0.o

.bss            0x0000000003000128      0x704
                0x0000000003000128                __bss_start = ABSOLUTE (.)
                0x0000000003000128                __bss_start__ = ABSOLUTE (.)
 *(.dynbss)
 *(.gnu.linkonce.b*)
 *(.bss*)
 .bss.completed.1
                0x0000000003000128        0x1 c:/devkitpro/devkitarm/bin/../lib/gcc/arm-none-eabi/11.1.0/thumb/crtbegin.o
 *fill*         0x0000000003000129        0x3 
 .bss.object.0  0x000000000300012c       0x18 c:/devkitpro/devkitarm/bin/../lib/gcc/arm-none-eabi/11.1.0/thumb/crtbegin.o
 .bss           0x0000000003000144      0x668 main.o
                0x0000000003000144                starfighter
                0x0000000003000168                ufo
                0x000000000300018c                scoreLabel
                0x00000000030001b0                numberLabel
                0x00000000030001d4                timerLabel
                0x00000000030001f8                timerNumberLabel
                0x000000000300021c                score
                0x0000000003000220                state
                0x0000000003000224                frames5
                0x0000000003000228                frames2
                0x000000000300022c                x
                0x0000000003000230                frames1
                0x0000000003000234                frames3
                0x0000000003000238                frames6
                0x000000000300023c                frames4
                0x0000000003000240                y
                0x0000000003000244                ball
                0x00000000030003ac                obj_buffer
 .bss           0x00000000030007ac        0x4 C:/devkitPro/libtonc/lib\libtonc.a(tonc_input.o)
                0x00000000030007ac                __key_curr
                0x00000000030007ae                __key_prev
 .bss           0x00000000030007b0       0x78 C:/devkitPro/libtonc/lib\libtonc.a(tonc_irq.o)
                0x00000000030007b0                __isr_table
 .bss.fake_heap_end
                0x0000000003000828        0x4 c:/devkitpro/devkitarm/bin/../lib/gcc/arm-none-eabi/11.1.0/../../../../arm-none-eabi/lib/thumb\libsysbase.a(malloc_vars.o)
                0x0000000003000828                fake_heap_end
 *(COMMON)
                0x000000000300082c                . = ALIGN (0x4)
                0x000000000300082c                __bss_end__ = ABSOLUTE (.)

.data           0x000000000300082c        0xc load address 0x0000000008005bdc
                0x000000000300082c                __data_start__ = ABSOLUTE (.)
 *(.data*)
 .data          0x000000000300082c        0x4 main.o
                0x000000000300082c                timer
 .data          0x0000000003000830        0x8 C:/devkitPro/libtonc/lib\libtonc.a(tonc_input.o)
                0x0000000003000830                __key_rpt
 *(.gnu.linkonce.d*)
                0x0000000003000838                . = ALIGN (0x4)
                0x0000000008005be8                __preinit_lma = (__data_lma + SIZEOF (.data))

.igot.plt       0x0000000003000838        0x0 load address 0x0000000008005be8
 .igot.plt      0x0000000003000838        0x0 c:/devkitpro/devkitarm/bin/../lib/gcc/arm-none-eabi/11.1.0/../../../../arm-none-eabi/lib/thumb/gba_crt0.o

.preinit_array  0x0000000003000838        0x0 load address 0x0000000008005be8
                0x0000000003000838                __preinit_array_start = ABSOLUTE (.)
 *(.preinit_array)
                0x0000000003000838                __preinit_array_end = ABSOLUTE (.)
                0x0000000008005be8                __init_lma = (__preinit_lma + SIZEOF (.preinit_array))

.init_array     0x0000000003000838        0x4 load address 0x0000000008005be8
                0x0000000003000838                __init_array_start = ABSOLUTE (.)
 *(SORT_BY_NAME(.init_array.*))
 *(.init_array)
 .init_array    0x0000000003000838        0x4 c:/devkitpro/devkitarm/bin/../lib/gcc/arm-none-eabi/11.1.0/thumb/crtbegin.o
                0x000000000300083c                __init_array_end = ABSOLUTE (.)
                0x0000000008005bec                __fini_lma = (__init_lma + SIZEOF (.init_array))

.fini_array     0x000000000300083c        0x4 load address 0x0000000008005bec
                0x000000000300083c                __fini_array_start = ABSOLUTE (.)
 *(SORT_BY_NAME(.fini_array.*))
 *(.fini_array)
 .fini_array    0x000000000300083c        0x4 c:/devkitpro/devkitarm/bin/../lib/gcc/arm-none-eabi/11.1.0/thumb/crtbegin.o
                0x0000000003000840                __fini_array_end = ABSOLUTE (.)
                0x0000000008005bf0                __jcr_lma = (__fini_lma + SIZEOF (.fini_array))

.jcr            0x0000000003000840        0x0 load address 0x0000000008005bf0
 *(.jcr)
                0x0000000003000840                __data_end__ = ABSOLUTE (.)
                0x0000000008005bf0                __iwram_overlay_lma = (__jcr_lma + SIZEOF (.jcr))
                0x0000000003000840                __iwram_overlay_start = .

.iwram0         0x0000000003000840        0x0 load address 0x0000000008005bf0
 *(.iwram0)
                0x0000000003000840                . = ALIGN (0x4)
                0x0000000008005bf0                PROVIDE (__load_start_iwram0 = LOADADDR (.iwram0))
                0x0000000008005bf0                PROVIDE (__load_stop_iwram0 = (LOADADDR (.iwram0) + SIZEOF (.iwram0)))

.iwram1         0x0000000003000840        0x0
 *(.iwram1)
                0x0000000003000840                . = ALIGN (0x4)
                [!provide]                        PROVIDE (__load_start_iwram1 = LOADADDR (.iwram1))
                [!provide]                        PROVIDE (__load_stop_iwram1 = (LOADADDR (.iwram1) + SIZEOF (.iwram1)))

.iwram2         0x0000000003000840        0x0
 *(.iwram2)
                0x0000000003000840                . = ALIGN (0x4)
                [!provide]                        PROVIDE (__load_start_iwram2 = LOADADDR (.iwram2))
                [!provide]                        PROVIDE (__load_stop_iwram2 = (LOADADDR (.iwram2) + SIZEOF (.iwram2)))

.iwram3         0x0000000003000840        0x0
 *(.iwram3)
                0x0000000003000840                . = ALIGN (0x4)
                [!provide]                        PROVIDE (__load_start_iwram3 = LOADADDR (.iwram3))
                [!provide]                        PROVIDE (__load_stop_iwram3 = (LOADADDR (.iwram3) + SIZEOF (.iwram3)))

.iwram4         0x0000000003000840        0x0
 *(.iwram4)
                0x0000000003000840                . = ALIGN (0x4)
                [!provide]                        PROVIDE (__load_start_iwram4 = LOADADDR (.iwram4))
                [!provide]                        PROVIDE (__load_stop_iwram4 = (LOADADDR (.iwram4) + SIZEOF (.iwram4)))

.iwram5         0x0000000003000840        0x0
 *(.iwram5)
                0x0000000003000840                . = ALIGN (0x4)
                [!provide]                        PROVIDE (__load_start_iwram5 = LOADADDR (.iwram5))
                [!provide]                        PROVIDE (__load_stop_iwram5 = (LOADADDR (.iwram5) + SIZEOF (.iwram5)))

.iwram6         0x0000000003000840        0x0
 *(.iwram6)
                0x0000000003000840                . = ALIGN (0x4)
                [!provide]                        PROVIDE (__load_start_iwram6 = LOADADDR (.iwram6))
                [!provide]                        PROVIDE (__load_stop_iwram6 = (LOADADDR (.iwram6) + SIZEOF (.iwram6)))

.iwram7         0x0000000003000840        0x0
 *(.iwram7)
                0x0000000003000840                . = ALIGN (0x4)
                [!provide]                        PROVIDE (__load_start_iwram7 = LOADADDR (.iwram7))
                [!provide]                        PROVIDE (__load_stop_iwram7 = (LOADADDR (.iwram7) + SIZEOF (.iwram7)))

.iwram8         0x0000000003000840        0x0
 *(.iwram8)
                0x0000000003000840                . = ALIGN (0x4)
                [!provide]                        PROVIDE (__load_start_iwram8 = LOADADDR (.iwram8))
                [!provide]                        PROVIDE (__load_stop_iwram8 = (LOADADDR (.iwram8) + SIZEOF (.iwram8)))

.iwram9         0x0000000003000840        0x0
 *(.iwram9)
                0x0000000003000840                . = ALIGN (0x4)
                [!provide]                        PROVIDE (__load_start_iwram9 = LOADADDR (.iwram9))
                [!provide]                        PROVIDE (__load_stop_iwram9 = (LOADADDR (.iwram9) + SIZEOF (.iwram9)))
                0x0000000003000840                __iwram_overlay_end = .
                0x0000000008005bf0                __ewram_lma = (__iwram_overlay_lma + (__iwram_overlay_end - __iwram_overlay_start))
                0x0000000003000840                __iheap_start = .
                0x0000000002000000                __ewram_start = ORIGIN (ewram)

.ewram          0x0000000002000000        0x0 load address 0x0000000008005bf0
 *(.ewram*)
                0x0000000002000000                . = ALIGN (0x4)
                0x0000000002000000                __ewram_end = ABSOLUTE (.)
                0x0000000008005bf0                __pad_lma = (__ewram_lma + SIZEOF (.ewram))

.sbss           0x0000000002000000        0x0
                0x0000000002000000                __sbss_start__ = ABSOLUTE (.)
 *(.sbss*)
                0x0000000002000000                . = ALIGN (0x4)
                0x0000000002000000                __sbss_end__ = ABSOLUTE (.)
                0x0000000002000000                __end__ = ABSOLUTE (.)
                0x0000000002000000                __eheap_start = ABSOLUTE (.)

.pad            0x0000000002000000        0x8 load address 0x0000000008005bf0
                0x0000000002000000        0x4 LONG 0x52416b64
                0x0000000002000004        0x4 LONG 0x4d
                0x0000000002000008                . = ALIGN (0x4)
                0x0000000008005bf8                __rom_end__ = (__pad_lma + SIZEOF (.pad))

.stab
 *(.stab)

.stabstr
 *(.stabstr)

.stab.excl
 *(.stab.excl)

.stab.exclstr
 *(.stab.exclstr)

.stab.index
 *(.stab.index)

.stab.indexstr
 *(.stab.indexstr)

.comment        0x0000000000000000       0x23
 *(.comment)
 .comment       0x0000000000000000       0x23 c:/devkitpro/devkitarm/bin/../lib/gcc/arm-none-eabi/11.1.0/thumb/crtbegin.o
                                         0x24 (size before relaxing)
 .comment       0x0000000000000023       0x24 badEndCard.o
 .comment       0x0000000000000023       0x24 endCard.o
 .comment       0x0000000000000023       0x24 energyBall.o
 .comment       0x0000000000000023       0x24 foe_ship.o
 .comment       0x0000000000000023       0x24 hero_ship.o
 .comment       0x0000000000000023       0x24 main.o
 .comment       0x0000000000000023       0x24 numbers.o
 .comment       0x0000000000000023       0x24 scoreLabel.o
 .comment       0x0000000000000023       0x24 simpleBackground.o
 .comment       0x0000000000000023       0x24 timerLabel.o
 .comment       0x0000000000000023       0x24 titleCard.o
 .comment       0x0000000000000023       0x24 C:/devkitPro/libtonc/lib\libtonc.a(tonc_input.o)
 .comment       0x0000000000000023       0x24 C:/devkitPro/libtonc/lib\libtonc.a(tonc_irq.o)
 .comment       0x0000000000000023       0x24 C:/devkitPro/libtonc/lib\libtonc.a(tonc_oam.o)
 .comment       0x0000000000000023       0x24 c:/devkitpro/devkitarm/bin/../lib/gcc/arm-none-eabi/11.1.0/../../../../arm-none-eabi/lib/thumb\libg.a(lib_a-init.o)
 .comment       0x0000000000000023       0x24 c:/devkitpro/devkitarm/bin/../lib/gcc/arm-none-eabi/11.1.0/../../../../arm-none-eabi/lib/thumb\libg.a(lib_a-memmove.o)
 .comment       0x0000000000000023       0x24 c:/devkitpro/devkitarm/bin/../lib/gcc/arm-none-eabi/11.1.0/../../../../arm-none-eabi/lib/thumb\libsysbase.a(malloc_vars.o)
 .comment       0x0000000000000023       0x24 c:/devkitpro/devkitarm/bin/../lib/gcc/arm-none-eabi/11.1.0/thumb/crtend.o

.debug
 *(.debug)

.line
 *(.line)

.debug_srcinfo
 *(.debug_srcinfo)

.debug_sfnames
 *(.debug_sfnames)

.debug_aranges  0x0000000000000000      0x118
 *(.debug_aranges)
 .debug_aranges
                0x0000000000000000       0x18 badEndCard.o
 .debug_aranges
                0x0000000000000018       0x18 endCard.o
 .debug_aranges
                0x0000000000000030       0x18 energyBall.o
 .debug_aranges
                0x0000000000000048       0x18 foe_ship.o
 .debug_aranges
                0x0000000000000060       0x18 hero_ship.o
 .debug_aranges
                0x0000000000000078       0x28 main.o
 .debug_aranges
                0x00000000000000a0       0x18 numbers.o
 .debug_aranges
                0x00000000000000b8       0x18 scoreLabel.o
 .debug_aranges
                0x00000000000000d0       0x18 simpleBackground.o
 .debug_aranges
                0x00000000000000e8       0x18 timerLabel.o
 .debug_aranges
                0x0000000000000100       0x18 titleCard.o

.debug_pubnames
 *(.debug_pubnames)

.debug_info     0x0000000000000000     0x292b
 *(.debug_info)
 .debug_info    0x0000000000000000       0xa5 badEndCard.o
 .debug_info    0x00000000000000a5       0xa5 endCard.o
 .debug_info    0x000000000000014a       0x7a energyBall.o
 .debug_info    0x00000000000001c4       0x7a foe_ship.o
 .debug_info    0x000000000000023e       0x7a hero_ship.o
 .debug_info    0x00000000000002b8     0x23bb main.o
 .debug_info    0x0000000000002673       0x7a numbers.o
 .debug_info    0x00000000000026ed       0x7a scoreLabel.o
 .debug_info    0x0000000000002767       0xa5 simpleBackground.o
 .debug_info    0x000000000000280c       0x7a timerLabel.o
 .debug_info    0x0000000000002886       0xa5 titleCard.o

.debug_abbrev   0x0000000000000000      0x859
 *(.debug_abbrev)
 .debug_abbrev  0x0000000000000000       0x6d badEndCard.o
 .debug_abbrev  0x000000000000006d       0x6d endCard.o
 .debug_abbrev  0x00000000000000da       0x4e energyBall.o
 .debug_abbrev  0x0000000000000128       0x4e foe_ship.o
 .debug_abbrev  0x0000000000000176       0x4e hero_ship.o
 .debug_abbrev  0x00000000000001c4      0x4d1 main.o
 .debug_abbrev  0x0000000000000695       0x4e numbers.o
 .debug_abbrev  0x00000000000006e3       0x4e scoreLabel.o
 .debug_abbrev  0x0000000000000731       0x6d simpleBackground.o
 .debug_abbrev  0x000000000000079e       0x4e timerLabel.o
 .debug_abbrev  0x00000000000007ec       0x6d titleCard.o

.debug_line     0x0000000000000000     0x1c64
 *(.debug_line)
 .debug_line    0x0000000000000000       0x63 badEndCard.o
 .debug_line    0x0000000000000063       0x60 endCard.o
 .debug_line    0x00000000000000c3       0x63 energyBall.o
 .debug_line    0x0000000000000126       0x61 foe_ship.o
 .debug_line    0x0000000000000187       0x62 hero_ship.o
 .debug_line    0x00000000000001e9     0x188a main.o
 .debug_line    0x0000000000001a73       0x60 numbers.o
 .debug_line    0x0000000000001ad3       0x63 scoreLabel.o
 .debug_line    0x0000000000001b36       0x69 simpleBackground.o
 .debug_line    0x0000000000001b9f       0x63 timerLabel.o
 .debug_line    0x0000000000001c02       0x62 titleCard.o

.debug_frame    0x0000000000000000      0x34c
 *(.debug_frame)
 .debug_frame   0x0000000000000000      0x34c main.o

.debug_str      0x0000000000000000      0xaa9
 *(.debug_str)
 .debug_str     0x0000000000000000      0x114 badEndCard.o
                                        0x121 (size before relaxing)
 .debug_str     0x0000000000000114       0x63 endCard.o
                                        0x115 (size before relaxing)
 .debug_str     0x0000000000000177       0x61 energyBall.o
                                        0x113 (size before relaxing)
 .debug_str     0x00000000000001d8       0x5b foe_ship.o
                                        0x10d (size before relaxing)
 .debug_str     0x0000000000000233       0x5e hero_ship.o
                                        0x110 (size before relaxing)
 .debug_str     0x0000000000000291      0x6c7 main.o
                                        0x859 (size before relaxing)
 .debug_str     0x0000000000000958       0x40 numbers.o
                                        0x10a (size before relaxing)
 .debug_str     0x0000000000000998       0x43 scoreLabel.o
                                        0x113 (size before relaxing)
 .debug_str     0x00000000000009db       0x49 simpleBackground.o
                                        0x139 (size before relaxing)
 .debug_str     0x0000000000000a24       0x43 timerLabel.o
                                        0x113 (size before relaxing)
 .debug_str     0x0000000000000a67       0x42 titleCard.o
                                        0x11d (size before relaxing)

.debug_loc
 *(.debug_loc)

.debug_macinfo
 *(.debug_macinfo)

.debug_weaknames
 *(.debug_weaknames)

.debug_funcnames
 *(.debug_funcnames)

.debug_typenames
 *(.debug_typenames)

.debug_varnames
 *(.debug_varnames)

.stack          0x0000000000080000        0x0
                0x0000000000080000                _stack = .
 *(.stack)

.note.gnu.arm.ident
 *(.note.gnu.arm.ident)

.ARM.attributes
                0x0000000000000000       0x2c
 *(.ARM.attributes)
 .ARM.attributes
                0x0000000000000000       0x20 c:/devkitpro/devkitarm/bin/../lib/gcc/arm-none-eabi/11.1.0/../../../../arm-none-eabi/lib/thumb/gba_crt0.o
 .ARM.attributes
                0x0000000000000020       0x1c c:/devkitpro/devkitarm/bin/../lib/gcc/arm-none-eabi/11.1.0/thumb/crti.o
 .ARM.attributes
                0x000000000000003c       0x2a c:/devkitpro/devkitarm/bin/../lib/gcc/arm-none-eabi/11.1.0/thumb/crtbegin.o
 .ARM.attributes
                0x0000000000000066       0x30 badEndCard.o
 .ARM.attributes
                0x0000000000000096       0x30 endCard.o
 .ARM.attributes
                0x00000000000000c6       0x30 energyBall.o
 .ARM.attributes
                0x00000000000000f6       0x30 foe_ship.o
 .ARM.attributes
                0x0000000000000126       0x30 hero_ship.o
 .ARM.attributes
                0x0000000000000156       0x2a main.o
 .ARM.attributes
                0x0000000000000180       0x30 numbers.o
 .ARM.attributes
                0x00000000000001b0       0x30 scoreLabel.o
 .ARM.attributes
                0x00000000000001e0       0x30 simpleBackground.o
 .ARM.attributes
                0x0000000000000210       0x30 timerLabel.o
 .ARM.attributes
                0x0000000000000240       0x30 titleCard.o
 .ARM.attributes
                0x0000000000000270       0x2a C:/devkitPro/libtonc/lib\libtonc.a(tonc_input.o)
 .ARM.attributes
                0x000000000000029a       0x2a C:/devkitPro/libtonc/lib\libtonc.a(tonc_irq.o)
 .ARM.attributes
                0x00000000000002c4       0x2a C:/devkitPro/libtonc/lib\libtonc.a(tonc_oam.o)
 .ARM.attributes
                0x00000000000002ee       0x1a C:/devkitPro/libtonc/lib\libtonc.a(tonc_bios.o)
 .ARM.attributes
                0x0000000000000308       0x1a C:/devkitPro/libtonc/lib\libtonc.a(tonc_isr_master.o)
 .ARM.attributes
                0x0000000000000322       0x1a C:/devkitPro/libtonc/lib\libtonc.a(tonc_memcpy.o)
 .ARM.attributes
                0x000000000000033c       0x1a C:/devkitPro/libtonc/lib\libtonc.a(tonc_memset.o)
 .ARM.attributes
                0x0000000000000356       0x2a c:/devkitpro/devkitarm/bin/../lib/gcc/arm-none-eabi/11.1.0/../../../../arm-none-eabi/lib/thumb\libg.a(lib_a-init.o)
 .ARM.attributes
                0x0000000000000380       0x2a c:/devkitpro/devkitarm/bin/../lib/gcc/arm-none-eabi/11.1.0/../../../../arm-none-eabi/lib/thumb\libg.a(lib_a-memmove.o)
 .ARM.attributes
                0x00000000000003aa       0x30 c:/devkitpro/devkitarm/bin/../lib/gcc/arm-none-eabi/11.1.0/../../../../arm-none-eabi/lib/thumb\libsysbase.a(malloc_vars.o)
 .ARM.attributes
                0x00000000000003da       0x30 c:/devkitpro/devkitarm/bin/../lib/gcc/arm-none-eabi/11.1.0/thumb/crtend.o
 .ARM.attributes
                0x000000000000040a       0x1c c:/devkitpro/devkitarm/bin/../lib/gcc/arm-none-eabi/11.1.0/thumb/crtn.o

/DISCARD/
 *(.note.GNU-stack)
LOAD c:/devkitpro/devkitarm/bin/../lib/gcc/arm-none-eabi/11.1.0/../../../../arm-none-eabi/lib/thumb/gba_crt0.o
LOAD c:/devkitpro/devkitarm/bin/../lib/gcc/arm-none-eabi/11.1.0/thumb/crti.o
LOAD c:/devkitpro/devkitarm/bin/../lib/gcc/arm-none-eabi/11.1.0/thumb/crtbegin.o
LOAD badEndCard.o
LOAD endCard.o
LOAD energyBall.o
LOAD foe_ship.o
LOAD hero_ship.o
LOAD main.o
LOAD numbers.o
LOAD scoreLabel.o
LOAD simpleBackground.o
LOAD timerLabel.o
LOAD titleCard.o
LOAD C:/devkitPro/libgba/lib\libmm.a
LOAD C:/devkitPro/libtonc/lib\libtonc.a
START GROUP
LOAD c:/devkitpro/devkitarm/bin/../lib/gcc/arm-none-eabi/11.1.0/thumb\libgcc.a
LOAD c:/devkitpro/devkitarm/bin/../lib/gcc/arm-none-eabi/11.1.0/../../../../arm-none-eabi/lib/thumb\libg.a
LOAD c:/devkitpro/devkitarm/bin/../lib/gcc/arm-none-eabi/11.1.0/../../../../arm-none-eabi/lib/thumb\libc.a
LOAD c:/devkitpro/devkitarm/bin/../lib/gcc/arm-none-eabi/11.1.0/../../../../arm-none-eabi/lib/thumb\libsysbase.a
END GROUP
LOAD c:/devkitpro/devkitarm/bin/../lib/gcc/arm-none-eabi/11.1.0/thumb/crtend.o
LOAD c:/devkitpro/devkitarm/bin/../lib/gcc/arm-none-eabi/11.1.0/thumb/crtn.o
OUTPUT(C:/Users/max10/Desktop/libtonc-template-master/libtonc-template-master.elf elf32-littlearm)
LOAD linker stubs

.debug_loclists
                0x0000000000000000      0x6bc
 .debug_loclists
                0x0000000000000000      0x6bc main.o

.debug_rnglists
                0x0000000000000000      0x30f
 .debug_rnglists
                0x0000000000000000      0x30f main.o
